This is pdfTeX, Version 3.141592653-2.6-1.40.29 (TeX Live 2026) (preloaded format=pdflatex 2026.7.11)  15 JUL 2026 11:41
entering extended mode
 restricted \write18 enabled.
 file:line:error style messages enabled.
 %&-line parsing enabled.
**/Users/mahdigheidi/Documents/Univ/MARL_Seminar_Team9/slides_ufr/slides.tex
(/Users/mahdigheidi/Documents/Univ/MARL_Seminar_Team9/slides_ufr/slides.tex
LaTeX2e <2025-11-01>
L3 programming layer <2026-01-19>
(/usr/local/texlive/2026basic/texmf-dist/tex/latex/beamer/beamer.cls
Document Class: beamer 2026/01/22 v3.77 A class for typesetting presentations
(/usr/local/texlive/2026basic/texmf-dist/tex/latex/beamer/beamerbasemodes.sty (/usr/local/texlive/2026basic/texmf-dist/tex/latex/etoolbox/etoolbox.sty
Package: etoolbox 2025/10/02 v2.5m e-TeX tools for LaTeX (JAW)
\etb@tempcnta=\count275
)
\beamer@tempbox=\box53
\beamer@tempcount=\count276
\c@beamerpauses=\count277
 (/usr/local/texlive/2026basic/texmf-dist/tex/latex/beamer/beamerbasedecode.sty
\beamer@slideinframe=\count278
\beamer@minimum=\count279
\beamer@decode@box=\box54
)
\beamer@commentbox=\box55
\beamer@modecount=\count280
) (/usr/local/texlive/2026basic/texmf-dist/tex/generic/iftex/iftex.sty
Package: iftex 2024/12/12 v1.0g TeX engine tests
)
\headdp=\dimen148
\footheight=\dimen149
\sidebarheight=\dimen150
\beamer@tempdim=\dimen151
\beamer@finalheight=\dimen152
\beamer@animht=\dimen153
\beamer@animdp=\dimen154
\beamer@animwd=\dimen155
\beamer@leftmargin=\dimen156
\beamer@rightmargin=\dimen157
\beamer@leftsidebar=\dimen158
\beamer@rightsidebar=\dimen159
\beamer@boxsize=\dimen160
\beamer@vboxoffset=\dimen161
\beamer@descdefault=\dimen162
\beamer@descriptionwidth=\dimen163
\beamer@lastskip=\skip49
\beamer@areabox=\box56
\beamer@animcurrent=\box57
\beamer@animshowbox=\box58
\beamer@sectionbox=\box59
\beamer@logobox=\box60
\beamer@linebox=\box61
\beamer@sectioncount=\count281
\beamer@subsubsectionmax=\count282
\beamer@subsectionmax=\count283
\beamer@sectionmax=\count284
\beamer@totalheads=\count285
\beamer@headcounter=\count286
\beamer@partstartpage=\count287
\beamer@sectionstartpage=\count288
\beamer@subsectionstartpage=\count289
\beamer@animationtempa=\count290
\beamer@animationtempb=\count291
\beamer@xpos=\count292
\beamer@ypos=\count293
\beamer@ypos@offset=\count294
\beamer@showpartnumber=\count295
\beamer@currentsubsection=\count296
\beamer@coveringdepth=\count297
\beamer@sectionadjust=\count298
\beamer@toclastsection=\count299
\beamer@tocsectionnumber=\count300
 (/usr/local/texlive/2026basic/texmf-dist/tex/latex/beamer/beamerbaseoptions.sty (/usr/local/texlive/2026basic/texmf-dist/tex/latex/graphics/keyval.sty
Package: keyval 2022/05/29 v1.15 key=value parser (DPC)
\KV@toks@=\toks17
))
\beamer@paperwidth=\skip50
\beamer@paperheight=\skip51
 (/usr/local/texlive/2026basic/texmf-dist/tex/latex/geometry/geometry.sty
Package: geometry 2020/01/02 v5.9 Page Geometry
 (/usr/local/texlive/2026basic/texmf-dist/tex/generic/iftex/ifvtex.sty
Package: ifvtex 2019/10/25 v1.7 ifvtex legacy package. Use iftex instead.
)
\Gm@cnth=\count301
\Gm@cntv=\count302
\c@Gm@tempcnt=\count303
\Gm@bindingoffset=\dimen164
\Gm@wd@mp=\dimen165
\Gm@odd@mp=\dimen166
\Gm@even@mp=\dimen167
\Gm@layoutwidth=\dimen168
\Gm@layoutheight=\dimen169
\Gm@layouthoffset=\dimen170
\Gm@layoutvoffset=\dimen171
\Gm@dimlist=\toks18
) (/usr/local/texlive/2026basic/texmf-dist/tex/latex/pgf/math/pgfmath.sty (/usr/local/texlive/2026basic/texmf-dist/tex/latex/pgf/utilities/pgfrcs.sty (/usr/local/texlive/2026basic/texmf-dist/tex/generic/pgf/utilities/pgfutil-common.tex
\pgfutil@everybye=\toks19
\pgfutil@tempdima=\dimen172
\pgfutil@tempdimb=\dimen173
) (/usr/local/texlive/2026basic/texmf-dist/tex/generic/pgf/utilities/pgfutil-latex.def
\pgfutil@abb=\box62
) (/usr/local/texlive/2026basic/texmf-dist/tex/generic/pgf/utilities/pgfrcs.code.tex (/usr/local/texlive/2026basic/texmf-dist/tex/generic/pgf/pgf.revision.tex)
Package: pgfrcs 2025-08-29 v3.1.11a (3.1.11a)
)) (/usr/local/texlive/2026basic/texmf-dist/tex/latex/pgf/utilities/pgfkeys.sty (/usr/local/texlive/2026basic/texmf-dist/tex/generic/pgf/utilities/pgfkeys.code.tex
\pgfkeys@pathtoks=\toks20
\pgfkeys@temptoks=\toks21
 (/usr/local/texlive/2026basic/texmf-dist/tex/generic/pgf/utilities/pgfkeyslibraryfiltered.code.tex
\pgfkeys@tmptoks=\toks22
))) (/usr/local/texlive/2026basic/texmf-dist/tex/generic/pgf/math/pgfmath.code.tex (/usr/local/texlive/2026basic/texmf-dist/tex/generic/pgf/math/pgfmathutil.code.tex
\pgf@x=\dimen174
\pgf@xa=\dimen175
\pgf@xb=\dimen176
\pgf@xc=\dimen177
\pgf@y=\dimen178
\pgf@ya=\dimen179
\pgf@yb=\dimen180
\pgf@yc=\dimen181
\c@pgf@counta=\count304
\c@pgf@countb=\count305
\c@pgf@countc=\count306
\c@pgf@countd=\count307
) (/usr/local/texlive/2026basic/texmf-dist/tex/generic/pgf/math/pgfmathparser.code.tex
\pgfmath@dimen=\dimen182
\pgfmath@count=\count308
\pgfmath@box=\box63
\pgfmath@toks=\toks23
\pgfmath@stack@operand=\toks24
\pgfmath@stack@operation=\toks25
) (/usr/local/texlive/2026basic/texmf-dist/tex/generic/pgf/math/pgfmathfunctions.code.tex) (/usr/local/texlive/2026basic/texmf-dist/tex/generic/pgf/math/pgfmathfunctions.basic.code.tex) (/usr/local/texlive/2026basic/texmf-dist/tex/generic/pgf/math/pgfmathfunctions.trigonometric.code.tex) (/usr/local/texlive/2026basic/texmf-dist/tex/generic/pgf/math/pgfmathfunctions.random.code.tex) (/usr/local/texlive/2026basic/texmf-dist/tex/generic/pgf/math/pgfmathfunctions.comparison.code.tex) (/usr/local/texlive/2026basic/texmf-dist/tex/generic/pgf/math/pgfmathfunctions.base.code.tex) (/usr/local/texlive/2026basic/texmf-dist/tex/generic/pgf/math/pgfmathfunctions.round.code.tex) (/usr/local/texlive/2026basic/texmf-dist/tex/generic/pgf/math/pgfmathfunctions.misc.code.tex) (/usr/local/texlive/2026basic/texmf-dist/tex/generic/pgf/math/pgfmathfunctions.integerarithmetics.code.tex) (/usr/local/texlive/2026basic/texmf-dist/tex/generic/pgf/math/pgfmathcalc.code.tex) (/usr/local/texlive/2026basic/texmf-dist/tex/generic/pgf/math/pgfmathfloat.code.tex
\c@pgfmathroundto@lastzeros=\count309
))) (/usr/local/texlive/2026basic/texmf-dist/tex/latex/base/size10.clo
File: size10.clo 2025/01/22 v1.4n Standard LaTeX file (size option)
) (/usr/local/texlive/2026basic/texmf-dist/tex/latex/pgf/basiclayer/pgfcore.sty (/usr/local/texlive/2026basic/texmf-dist/tex/latex/graphics/graphicx.sty
Package: graphicx 2024/12/31 v1.2e Enhanced LaTeX Graphics (DPC,SPQR)
 (/usr/local/texlive/2026basic/texmf-dist/tex/latex/graphics/graphics.sty
Package: graphics 2024/08/06 v1.4g Standard LaTeX Graphics (DPC,SPQR)
 (/usr/local/texlive/2026basic/texmf-dist/tex/latex/graphics/trig.sty
Package: trig 2023/12/02 v1.11 sin cos tan (DPC)
) (/usr/local/texlive/2026basic/texmf-dist/tex/latex/graphics-cfg/graphics.cfg
File: graphics.cfg 2016/06/04 v1.11 sample graphics configuration
)
Package graphics Info: Driver file: pdftex.def on input line 106.
 (/usr/local/texlive/2026basic/texmf-dist/tex/latex/graphics-def/pdftex.def
File: pdftex.def 2025/09/29 v1.2d Graphics/color driver for pdftex
))
\Gin@req@height=\dimen183
\Gin@req@width=\dimen184
) (/usr/local/texlive/2026basic/texmf-dist/tex/latex/pgf/systemlayer/pgfsys.sty (/usr/local/texlive/2026basic/texmf-dist/tex/generic/pgf/systemlayer/pgfsys.code.tex
Package: pgfsys 2025-08-29 v3.1.11a (3.1.11a)
\pgf@x=\dimen185
\pgf@y=\dimen186
\pgf@xa=\dimen187
\pgf@ya=\dimen188
\pgf@xb=\dimen189
\pgf@yb=\dimen190
\pgf@xc=\dimen191
\pgf@yc=\dimen192
\pgf@xd=\dimen193
\pgf@yd=\dimen194
\w@pgf@writea=\write3
\r@pgf@reada=\read2
\c@pgf@counta=\count310
\c@pgf@countb=\count311
\c@pgf@countc=\count312
\c@pgf@countd=\count313
\t@pgf@toka=\toks26
\t@pgf@tokb=\toks27
\t@pgf@tokc=\toks28
\pgf@sys@id@count=\count314
 (/usr/local/texlive/2026basic/texmf-dist/tex/generic/pgf/systemlayer/pgf.cfg
File: pgf.cfg 2025-08-29 v3.1.11a (3.1.11a)
)
Driver file for pgf: pgfsys-pdftex.def
 (/usr/local/texlive/2026basic/texmf-dist/tex/generic/pgf/systemlayer/pgfsys-pdftex.def
File: pgfsys-pdftex.def 2025-08-29 v3.1.11a (3.1.11a)
 (/usr/local/texlive/2026basic/texmf-dist/tex/generic/pgf/systemlayer/pgfsys-common-pdf.def
File: pgfsys-common-pdf.def 2025-08-29 v3.1.11a (3.1.11a)
))) (/usr/local/texlive/2026basic/texmf-dist/tex/generic/pgf/systemlayer/pgfsyssoftpath.code.tex
File: pgfsyssoftpath.code.tex 2025-08-29 v3.1.11a (3.1.11a)
\pgfsyssoftpath@smallbuffer@items=\count315
\pgfsyssoftpath@bigbuffer@items=\count316
) (/usr/local/texlive/2026basic/texmf-dist/tex/generic/pgf/systemlayer/pgfsysprotocol.code.tex
File: pgfsysprotocol.code.tex 2025-08-29 v3.1.11a (3.1.11a)
)) (/usr/local/texlive/2026basic/texmf-dist/tex/latex/xcolor/xcolor.sty
Package: xcolor 2024/09/29 v3.02 LaTeX color extensions (UK)
 (/usr/local/texlive/2026basic/texmf-dist/tex/latex/graphics-cfg/color.cfg
File: color.cfg 2016/01/02 v1.6 sample color configuration
)
Package xcolor Info: Driver file: pdftex.def on input line 274.
 (/usr/local/texlive/2026basic/texmf-dist/tex/latex/graphics/mathcolor.ltx)
Package xcolor Info: Model `cmy' substituted by `cmy0' on input line 1349.
Package xcolor Info: Model `hsb' substituted by `rgb' on input line 1353.
Package xcolor Info: Model `RGB' extended on input line 1365.
Package xcolor Info: Model `HTML' substituted by `rgb' on input line 1367.
Package xcolor Info: Model `Hsb' substituted by `hsb' on input line 1368.
Package xcolor Info: Model `tHsb' substituted by `hsb' on input line 1369.
Package xcolor Info: Model `HSB' substituted by `hsb' on input line 1370.
Package xcolor Info: Model `Gray' substituted by `gray' on input line 1371.
Package xcolor Info: Model `wave' substituted by `hsb' on input line 1372.
) (/usr/local/texlive/2026basic/texmf-dist/tex/generic/pgf/basiclayer/pgfcore.code.tex
Package: pgfcore 2025-08-29 v3.1.11a (3.1.11a)
 (/usr/local/texlive/2026basic/texmf-dist/tex/generic/pgf/math/pgfint.code.tex) (/usr/local/texlive/2026basic/texmf-dist/tex/generic/pgf/basiclayer/pgfcorepoints.code.tex
File: pgfcorepoints.code.tex 2025-08-29 v3.1.11a (3.1.11a)
\pgf@picminx=\dimen195
\pgf@picmaxx=\dimen196
\pgf@picminy=\dimen197
\pgf@picmaxy=\dimen198
\pgf@pathminx=\dimen199
\pgf@pathmaxx=\dimen256
\pgf@pathminy=\dimen257
\pgf@pathmaxy=\dimen258
\pgf@xx=\dimen259
\pgf@xy=\dimen260
\pgf@yx=\dimen261
\pgf@yy=\dimen262
\pgf@zx=\dimen263
\pgf@zy=\dimen264
) (/usr/local/texlive/2026basic/texmf-dist/tex/generic/pgf/basiclayer/pgfcorepathconstruct.code.tex
File: pgfcorepathconstruct.code.tex 2025-08-29 v3.1.11a (3.1.11a)
\pgf@path@lastx=\dimen265
\pgf@path@lasty=\dimen266
) (/usr/local/texlive/2026basic/texmf-dist/tex/generic/pgf/basiclayer/pgfcorepathusage.code.tex
File: pgfcorepathusage.code.tex 2025-08-29 v3.1.11a (3.1.11a)
\pgf@shorten@end@additional=\dimen267
\pgf@shorten@start@additional=\dimen268
) (/usr/local/texlive/2026basic/texmf-dist/tex/generic/pgf/basiclayer/pgfcorescopes.code.tex
File: pgfcorescopes.code.tex 2025-08-29 v3.1.11a (3.1.11a)
\pgfpic=\box64
\pgf@hbox=\box65
\pgf@layerbox@main=\box66
\pgf@picture@serial@count=\count317
) (/usr/local/texlive/2026basic/texmf-dist/tex/generic/pgf/basiclayer/pgfcoregraphicstate.code.tex
File: pgfcoregraphicstate.code.tex 2025-08-29 v3.1.11a (3.1.11a)
\pgflinewidth=\dimen269
) (/usr/local/texlive/2026basic/texmf-dist/tex/generic/pgf/basiclayer/pgfcoretransformations.code.tex
File: pgfcoretransformations.code.tex 2025-08-29 v3.1.11a (3.1.11a)
\pgf@pt@x=\dimen270
\pgf@pt@y=\dimen271
\pgf@pt@temp=\dimen272
) (/usr/local/texlive/2026basic/texmf-dist/tex/generic/pgf/basiclayer/pgfcorequick.code.tex
File: pgfcorequick.code.tex 2025-08-29 v3.1.11a (3.1.11a)
) (/usr/local/texlive/2026basic/texmf-dist/tex/generic/pgf/basiclayer/pgfcoreobjects.code.tex
File: pgfcoreobjects.code.tex 2025-08-29 v3.1.11a (3.1.11a)
) (/usr/local/texlive/2026basic/texmf-dist/tex/generic/pgf/basiclayer/pgfcorepathprocessing.code.tex
File: pgfcorepathprocessing.code.tex 2025-08-29 v3.1.11a (3.1.11a)
) (/usr/local/texlive/2026basic/texmf-dist/tex/generic/pgf/basiclayer/pgfcorearrows.code.tex
File: pgfcorearrows.code.tex 2025-08-29 v3.1.11a (3.1.11a)
\pgfarrowsep=\dimen273
) (/usr/local/texlive/2026basic/texmf-dist/tex/generic/pgf/basiclayer/pgfcoreshade.code.tex
File: pgfcoreshade.code.tex 2025-08-29 v3.1.11a (3.1.11a)
\pgf@max=\dimen274
\pgf@sys@shading@range@num=\count318
\pgf@shadingcount=\count319
) (/usr/local/texlive/2026basic/texmf-dist/tex/generic/pgf/basiclayer/pgfcoreimage.code.tex
File: pgfcoreimage.code.tex 2025-08-29 v3.1.11a (3.1.11a)
) (/usr/local/texlive/2026basic/texmf-dist/tex/generic/pgf/basiclayer/pgfcoreexternal.code.tex
File: pgfcoreexternal.code.tex 2025-08-29 v3.1.11a (3.1.11a)
\pgfexternal@startupbox=\box67
) (/usr/local/texlive/2026basic/texmf-dist/tex/generic/pgf/basiclayer/pgfcorelayers.code.tex
File: pgfcorelayers.code.tex 2025-08-29 v3.1.11a (3.1.11a)
) (/usr/local/texlive/2026basic/texmf-dist/tex/generic/pgf/basiclayer/pgfcoretransparency.code.tex
File: pgfcoretransparency.code.tex 2025-08-29 v3.1.11a (3.1.11a)
) (/usr/local/texlive/2026basic/texmf-dist/tex/generic/pgf/basiclayer/pgfcorepatterns.code.tex
File: pgfcorepatterns.code.tex 2025-08-29 v3.1.11a (3.1.11a)
) (/usr/local/texlive/2026basic/texmf-dist/tex/generic/pgf/basiclayer/pgfcorerdf.code.tex
File: pgfcorerdf.code.tex 2025-08-29 v3.1.11a (3.1.11a)
))) (/usr/local/texlive/2026basic/texmf-dist/tex/latex/pgf/utilities/xxcolor.sty
Package: xxcolor 2003/10/24 ver 0.1
\XC@nummixins=\count320
\XC@countmixins=\count321
) (/usr/local/texlive/2026basic/texmf-dist/tex/latex/base/atbegshi-ltx.sty
Package: atbegshi-ltx 2021/01/10 v1.0c Emulation of the original atbegshi
package with kernel methods
) (/usr/local/texlive/2026basic/texmf-dist/tex/latex/hyperref/hyperref.sty
Package: hyperref 2026-01-29 v7.01p Hypertext links for LaTeX
 (/usr/local/texlive/2026basic/texmf-dist/tex/latex/kvsetkeys/kvsetkeys.sty
Package: kvsetkeys 2022-10-05 v1.19 Key value parser (HO)
) (/usr/local/texlive/2026basic/texmf-dist/tex/generic/kvdefinekeys/kvdefinekeys.sty
Package: kvdefinekeys 2019-12-19 v1.6 Define keys (HO)
) (/usr/local/texlive/2026basic/texmf-dist/tex/generic/pdfescape/pdfescape.sty
Package: pdfescape 2019/12/09 v1.15 Implements pdfTeX's escape features (HO)
 (/usr/local/texlive/2026basic/texmf-dist/tex/generic/ltxcmds/ltxcmds.sty
Package: ltxcmds 2023-12-04 v1.26 LaTeX kernel commands for general use (HO)
) (/usr/local/texlive/2026basic/texmf-dist/tex/generic/pdftexcmds/pdftexcmds.sty
Package: pdftexcmds 2020-06-27 v0.33 Utility functions of pdfTeX for LuaTeX (HO)
 (/usr/local/texlive/2026basic/texmf-dist/tex/generic/infwarerr/infwarerr.sty
Package: infwarerr 2019/12/03 v1.5 Providing info/warning/error messages (HO)
)
Package pdftexcmds Info: \pdf@primitive is available.
Package pdftexcmds Info: \pdf@ifprimitive is available.
Package pdftexcmds Info: \pdfdraftmode found.
)) (/usr/local/texlive/2026basic/texmf-dist/tex/latex/hycolor/hycolor.sty
Package: hycolor 2020-01-27 v1.10 Color options for hyperref/bookmark (HO)
) (/usr/local/texlive/2026basic/texmf-dist/tex/latex/hyperref/nameref.sty
Package: nameref 2026-01-29 v2.58 Cross-referencing by name of section
 (/usr/local/texlive/2026basic/texmf-dist/tex/latex/refcount/refcount.sty
Package: refcount 2019/12/15 v3.6 Data extraction from label references (HO)
) (/usr/local/texlive/2026basic/texmf-dist/tex/generic/gettitlestring/gettitlestring.sty
Package: gettitlestring 2019/12/15 v1.6 Cleanup title references (HO)
 (/usr/local/texlive/2026basic/texmf-dist/tex/latex/kvoptions/kvoptions.sty
Package: kvoptions 2022-06-15 v3.15 Key value format for package options (HO)
))
\c@section@level=\count322
) (/usr/local/texlive/2026basic/texmf-dist/tex/generic/stringenc/stringenc.sty
Package: stringenc 2019/11/29 v1.12 Convert strings between diff. encodings (HO)
)
\@linkdim=\dimen275
\Hy@linkcounter=\count323
\Hy@pagecounter=\count324
 (/usr/local/texlive/2026basic/texmf-dist/tex/latex/hyperref/pd1enc.def
File: pd1enc.def 2026-01-29 v7.01p Hyperref: PDFDocEncoding definition (HO)
Now handling font encoding PD1 ...
... no UTF-8 mapping file for font encoding PD1
) (/usr/local/texlive/2026basic/texmf-dist/tex/generic/intcalc/intcalc.sty
Package: intcalc 2019/12/15 v1.3 Expandable calculations with integers (HO)
)
\Hy@SavedSpaceFactor=\count325
 (/usr/local/texlive/2026basic/texmf-dist/tex/latex/hyperref/puenc.def
File: puenc.def 2026-01-29 v7.01p Hyperref: PDF Unicode definition (HO)
Now handling font encoding PU ...
... no UTF-8 mapping file for font encoding PU
)
Package hyperref Info: Option `bookmarks' set `true' on input line 4072.
Package hyperref Info: Option `bookmarksopen' set `true' on input line 4072.
Package hyperref Info: Option `implicit' set `false' on input line 4072.
Package hyperref Info: Hyper figures OFF on input line 4201.
Package hyperref Info: Link nesting OFF on input line 4206.
Package hyperref Info: Hyper index ON on input line 4209.
Package hyperref Info: Plain pages OFF on input line 4216.
Package hyperref Info: Backreferencing OFF on input line 4221.
Package hyperref Info: Implicit mode OFF; no redefinition of LaTeX internals.
Package hyperref Info: Bookmarks ON on input line 4468.
\c@Hy@tempcnt=\count326
 (/usr/local/texlive/2026basic/texmf-dist/tex/latex/url/url.sty
\Urlmuskip=\muskip17
Package: url 2013/09/16  ver 3.4  Verb mode for urls, etc.
)
LaTeX Info: Redefining \url on input line 4807.
\XeTeXLinkMargin=\dimen276
 (/usr/local/texlive/2026basic/texmf-dist/tex/generic/bitset/bitset.sty
Package: bitset 2019/12/09 v1.3 Handle bit-vector datatype (HO)
 (/usr/local/texlive/2026basic/texmf-dist/tex/generic/bigintcalc/bigintcalc.sty
Package: bigintcalc 2019/12/15 v1.5 Expandable calculations on big integers (HO)
))
\Fld@menulength=\count327
\Field@Width=\dimen277
\Fld@charsize=\dimen278
Package hyperref Info: Hyper figures OFF on input line 6084.
Package hyperref Info: Link nesting OFF on input line 6089.
Package hyperref Info: Hyper index ON on input line 6092.
Package hyperref Info: backreferencing OFF on input line 6099.
Package hyperref Info: Link coloring OFF on input line 6104.
Package hyperref Info: Link coloring with OCG OFF on input line 6109.
Package hyperref Info: PDF/A mode OFF on input line 6114.
\Hy@abspage=\count328


Package hyperref Message: Stopped early.

)
Package hyperref Info: Driver (autodetected): hpdftex.
 (/usr/local/texlive/2026basic/texmf-dist/tex/latex/hyperref/hpdftex.def
File: hpdftex.def 2026-01-29 v7.01p Hyperref driver for pdfTeX
\Fld@listcount=\count329
\c@bookmark@seq@number=\count330
 (/usr/local/texlive/2026basic/texmf-dist/tex/latex/rerunfilecheck/rerunfilecheck.sty
Package: rerunfilecheck 2025-06-21 v1.11 Rerun checks for auxiliary files (HO)
 (/usr/local/texlive/2026basic/texmf-dist/tex/generic/uniquecounter/uniquecounter.sty
Package: uniquecounter 2019/12/15 v1.4 Provide unlimited unique counter (HO)
)
Package uniquecounter Info: New unique counter `rerunfilecheck' on input line 284.
)) (/usr/local/texlive/2026basic/texmf-dist/tex/latex/beamer/beamerbaserequires.sty (/usr/local/texlive/2026basic/texmf-dist/tex/latex/beamer/beamerbasecompatibility.sty) (/usr/local/texlive/2026basic/texmf-dist/tex/latex/beamer/beamerbasefont.sty (/usr/local/texlive/2026basic/texmf-dist/tex/latex/amsfonts/amssymb.sty
Package: amssymb 2013/01/14 v3.01 AMS font symbols
 (/usr/local/texlive/2026basic/texmf-dist/tex/latex/amsfonts/amsfonts.sty
Package: amsfonts 2013/01/14 v3.01 Basic AMSFonts support
\@emptytoks=\toks29
\symAMSa=\mathgroup4
\symAMSb=\mathgroup5
LaTeX Font Info:    Redeclaring math symbol \hbar on input line 98.
LaTeX Font Info:    Overwriting math alphabet `\mathfrak' in version `bold'
(Font)                  U/euf/m/n --> U/euf/b/n on input line 106.
))) (/usr/local/texlive/2026basic/texmf-dist/tex/latex/beamer/beamerbasetranslator.sty (/usr/local/texlive/2026basic/texmf-dist/tex/latex/translator/translator.sty
Package: translator 2021-05-31 v1.12d Easy translation of strings in LaTeX
)) (/usr/local/texlive/2026basic/texmf-dist/tex/latex/beamer/beamerbasemisc.sty) (/usr/local/texlive/2026basic/texmf-dist/tex/latex/beamer/beamerbasetwoscreens.sty) (/usr/local/texlive/2026basic/texmf-dist/tex/latex/beamer/beamerbaseoverlay.sty
\beamer@argscount=\count331
\beamer@lastskipcover=\skip52
\beamer@trivlistdepth=\count332
) (/usr/local/texlive/2026basic/texmf-dist/tex/latex/beamer/beamerbasetitle.sty) (/usr/local/texlive/2026basic/texmf-dist/tex/latex/beamer/beamerbasesection.sty
\c@lecture=\count333
\c@part=\count334
\c@section=\count335
\c@subsection=\count336
\c@subsubsection=\count337
) (/usr/local/texlive/2026basic/texmf-dist/tex/latex/beamer/beamerbaseframe.sty
\beamer@framebox=\box68
\beamer@frametitlebox=\box69
\beamer@zoombox=\box70
\beamer@zoomcount=\count338
\beamer@zoomframecount=\count339
\beamer@frametextheight=\dimen279
\c@subsectionslide=\count340
\beamer@frametopskip=\skip53
\beamer@framebottomskip=\skip54
\beamer@frametopskipautobreak=\skip55
\beamer@framebottomskipautobreak=\skip56
\beamer@envbody=\toks30
\framewidth=\dimen280
\c@framenumber=\count341
) (/usr/local/texlive/2026basic/texmf-dist/tex/latex/beamer/beamerbaseverbatim.sty
\beamer@verbatimfileout=\write4
) (/usr/local/texlive/2026basic/texmf-dist/tex/latex/beamer/beamerbaseframesize.sty
\beamer@splitbox=\box71
\beamer@autobreakcount=\count342
\beamer@autobreaklastheight=\dimen281
\beamer@frametitletoks=\toks31
\beamer@framesubtitletoks=\toks32
) (/usr/local/texlive/2026basic/texmf-dist/tex/latex/beamer/beamerbaseframecomponents.sty
\beamer@colheight=\skip57
\beamer@footins=\box72
) (/usr/local/texlive/2026basic/texmf-dist/tex/latex/beamer/beamerbasecolor.sty) (/usr/local/texlive/2026basic/texmf-dist/tex/latex/beamer/beamerbasenotes.sty
\beamer@frameboxcopy=\box73
) (/usr/local/texlive/2026basic/texmf-dist/tex/latex/beamer/beamerbasetoc.sty) (/usr/local/texlive/2026basic/texmf-dist/tex/latex/beamer/beamerbasetemplates.sty
\beamer@sbttoks=\toks33
 (/usr/local/texlive/2026basic/texmf-dist/tex/latex/beamer/beamerbaseauxtemplates.sty (/usr/local/texlive/2026basic/texmf-dist/tex/latex/beamer/beamerbaseboxes.sty
\bmb@box=\box74
\bmb@colorbox=\box75
\bmb@boxwidth=\dimen282
\bmb@boxheight=\dimen283
\bmb@prevheight=\dimen284
\bmb@temp=\dimen285
\bmb@dima=\dimen286
\bmb@dimb=\dimen287
\bmb@prevheight=\dimen288
)
\beamer@blockheadheight=\dimen289
)) (/usr/local/texlive/2026basic/texmf-dist/tex/latex/beamer/beamerbaselocalstructure.sty (/usr/local/texlive/2026basic/texmf-dist/tex/latex/tools/enumerate.sty
Package: enumerate 2023/07/04 v3.00 enumerate extensions (DPC)
\@enLab=\toks34
)
\beamer@bibiconwidth=\skip58
\c@figure=\count343
\c@table=\count344
\abovecaptionskip=\skip59
\belowcaptionskip=\skip60
) (/usr/local/texlive/2026basic/texmf-dist/tex/latex/beamer/beamerbasenavigation.sty (/usr/local/texlive/2026basic/texmf-dist/tex/latex/beamer/beamerbasenavigationsymbols.tex)
\beamer@section@min@dim=\dimen290
) (/usr/local/texlive/2026basic/texmf-dist/tex/latex/beamer/beamerbasetheorems.sty (/usr/local/texlive/2026basic/texmf-dist/tex/latex/amsmath/amsmath.sty
Package: amsmath 2025/07/09 v2.17z AMS math features
\@mathmargin=\skip61

For additional information on amsmath, use the `?' option.
(/usr/local/texlive/2026basic/texmf-dist/tex/latex/amsmath/amstext.sty
Package: amstext 2024/11/17 v2.01 AMS text
 (/usr/local/texlive/2026basic/texmf-dist/tex/latex/amsmath/amsgen.sty
File: amsgen.sty 1999/11/30 v2.0 generic functions
\@emptytoks=\toks35
\ex@=\dimen291
)) (/usr/local/texlive/2026basic/texmf-dist/tex/latex/amsmath/amsbsy.sty
Package: amsbsy 1999/11/29 v1.2d Bold Symbols
\pmbraise@=\dimen292
) (/usr/local/texlive/2026basic/texmf-dist/tex/latex/amsmath/amsopn.sty
Package: amsopn 2022/04/08 v2.04 operator names
)
\inf@bad=\count345
LaTeX Info: Redefining \frac on input line 233.
\uproot@=\count346
\leftroot@=\count347
LaTeX Info: Redefining \overline on input line 398.
LaTeX Info: Redefining \colon on input line 409.
\classnum@=\count348
\DOTSCASE@=\count349
LaTeX Info: Redefining \ldots on input line 495.
LaTeX Info: Redefining \dots on input line 498.
LaTeX Info: Redefining \cdots on input line 619.
\Mathstrutbox@=\box76
\strutbox@=\box77
LaTeX Info: Redefining \big on input line 721.
LaTeX Info: Redefining \Big on input line 722.
LaTeX Info: Redefining \bigg on input line 723.
LaTeX Info: Redefining \Bigg on input line 724.
\big@size=\dimen293
LaTeX Font Info:    Redeclaring font encoding OML on input line 742.
LaTeX Font Info:    Redeclaring font encoding OMS on input line 743.
\macc@depth=\count350
LaTeX Info: Redefining \bmod on input line 904.
LaTeX Info: Redefining \pmod on input line 909.
LaTeX Info: Redefining \smash on input line 939.
LaTeX Info: Redefining \relbar on input line 969.
LaTeX Info: Redefining \Relbar on input line 970.
\c@MaxMatrixCols=\count351
\dotsspace@=\muskip18
\c@parentequation=\count352
\dspbrk@lvl=\count353
\tag@help=\toks36
\row@=\count354
\column@=\count355
\maxfields@=\count356
\andhelp@=\toks37
\eqnshift@=\dimen294
\alignsep@=\dimen295
\tagshift@=\dimen296
\tagwidth@=\dimen297
\totwidth@=\dimen298
\lineht@=\dimen299
\@envbody=\toks38
\multlinegap=\skip62
\multlinetaggap=\skip63
\mathdisplay@stack=\toks39
LaTeX Info: Redefining \[ on input line 2950.
LaTeX Info: Redefining \] on input line 2951.
) (/usr/local/texlive/2026basic/texmf-dist/tex/latex/amscls/amsthm.sty
Package: amsthm 2020/05/29 v2.20.6
\thm@style=\toks40
\thm@bodyfont=\toks41
\thm@headfont=\toks42
\thm@notefont=\toks43
\thm@headpunct=\toks44
\thm@preskip=\skip64
\thm@postskip=\skip65
\thm@headsep=\skip66
\dth@everypar=\toks45
)
\c@theorem=\count357
) (/usr/local/texlive/2026basic/texmf-dist/tex/latex/beamer/beamerbasethemes.sty)) (/usr/local/texlive/2026basic/texmf-dist/tex/latex/beamer/beamerthemedefault.sty (/usr/local/texlive/2026basic/texmf-dist/tex/latex/beamer/beamerfontthemedefault.sty) (/usr/local/texlive/2026basic/texmf-dist/tex/latex/beamer/beamercolorthemedefault.sty) (/usr/local/texlive/2026basic/texmf-dist/tex/latex/beamer/beamerinnerthemedefault.sty
\beamer@dima=\dimen300
\beamer@dimb=\dimen301
) (/usr/local/texlive/2026basic/texmf-dist/tex/latex/beamer/beamerouterthemedefault.sty))) (./ufrslides.sty (/usr/local/texlive/2026basic/texmf-dist/tex/latex/beamer/beamerfontthemeserif.sty)) (./defs.tex (/usr/local/texlive/2026basic/texmf-dist/tex/latex/pgf/frontendlayer/tikz.sty (/usr/local/texlive/2026basic/texmf-dist/tex/latex/pgf/basiclayer/pgf.sty
Package: pgf 2025-08-29 v3.1.11a (3.1.11a)
 (/usr/local/texlive/2026basic/texmf-dist/tex/generic/pgf/modules/pgfmoduleshapes.code.tex
File: pgfmoduleshapes.code.tex 2025-08-29 v3.1.11a (3.1.11a)
\pgfnodeparttextbox=\box78
) (/usr/local/texlive/2026basic/texmf-dist/tex/generic/pgf/modules/pgfmoduleplot.code.tex
File: pgfmoduleplot.code.tex 2025-08-29 v3.1.11a (3.1.11a)
) (/usr/local/texlive/2026basic/texmf-dist/tex/latex/pgf/compatibility/pgfcomp-version-0-65.sty
Package: pgfcomp-version-0-65 2025-08-29 v3.1.11a (3.1.11a)
\pgf@nodesepstart=\dimen302
\pgf@nodesepend=\dimen303
) (/usr/local/texlive/2026basic/texmf-dist/tex/latex/pgf/compatibility/pgfcomp-version-1-18.sty
Package: pgfcomp-version-1-18 2025-08-29 v3.1.11a (3.1.11a)
)) (/usr/local/texlive/2026basic/texmf-dist/tex/latex/pgf/utilities/pgffor.sty (/usr/local/texlive/2026basic/texmf-dist/tex/generic/pgf/utilities/pgffor.code.tex
Package: pgffor 2025-08-29 v3.1.11a (3.1.11a)
\pgffor@iter=\dimen304
\pgffor@skip=\dimen305
\pgffor@stack=\toks46
\pgffor@toks=\toks47
)) (/usr/local/texlive/2026basic/texmf-dist/tex/generic/pgf/frontendlayer/tikz/tikz.code.tex
Package: tikz 2025-08-29 v3.1.11a (3.1.11a)
 (/usr/local/texlive/2026basic/texmf-dist/tex/generic/pgf/libraries/pgflibraryplothandlers.code.tex
File: pgflibraryplothandlers.code.tex 2025-08-29 v3.1.11a (3.1.11a)
\pgf@plot@mark@count=\count358
\pgfplotmarksize=\dimen306
)
\tikz@lastx=\dimen307
\tikz@lasty=\dimen308
\tikz@lastxsaved=\dimen309
\tikz@lastysaved=\dimen310
\tikz@lastmovetox=\dimen311
\tikz@lastmovetoy=\dimen312
\tikzleveldistance=\dimen313
\tikzsiblingdistance=\dimen314
\tikz@figbox=\box79
\tikz@figbox@bg=\box80
\tikz@tempbox=\box81
\tikz@tempbox@bg=\box82
\tikztreelevel=\count359
\tikznumberofchildren=\count360
\tikznumberofcurrentchild=\count361
\tikz@fig@count=\count362
 (/usr/local/texlive/2026basic/texmf-dist/tex/generic/pgf/modules/pgfmodulematrix.code.tex
File: pgfmodulematrix.code.tex 2025-08-29 v3.1.11a (3.1.11a)
\pgfmatrixcurrentrow=\count363
\pgfmatrixcurrentcolumn=\count364
\pgf@matrix@numberofcolumns=\count365
)
\tikz@expandcount=\count366
 (/usr/local/texlive/2026basic/texmf-dist/tex/generic/pgf/frontendlayer/tikz/libraries/tikzlibrarytopaths.code.tex
File: tikzlibrarytopaths.code.tex 2025-08-29 v3.1.11a (3.1.11a)
))) (/usr/local/texlive/2026basic/texmf-dist/tex/generic/pgf/libraries/pgflibraryarrows.meta.code.tex
File: pgflibraryarrows.meta.code.tex 2025-08-29 v3.1.11a (3.1.11a)
\pgfarrowinset=\dimen315
\pgfarrowlength=\dimen316
\pgfarrowwidth=\dimen317
\pgfarrowlinewidth=\dimen318
) (/usr/local/texlive/2026basic/texmf-dist/tex/generic/pgf/frontendlayer/tikz/libraries/tikzlibrarypositioning.code.tex
File: tikzlibrarypositioning.code.tex 2025-08-29 v3.1.11a (3.1.11a)
) (/usr/local/texlive/2026basic/texmf-dist/tex/generic/pgf/frontendlayer/tikz/libraries/tikzlibrarycalc.code.tex
File: tikzlibrarycalc.code.tex 2025-08-29 v3.1.11a (3.1.11a)
) (/usr/local/texlive/2026basic/texmf-dist/tex/generic/pgf/frontendlayer/tikz/libraries/tikzlibraryshapes.geometric.code.tex
File: tikzlibraryshapes.geometric.code.tex 2025-08-29 v3.1.11a (3.1.11a)
 (/usr/local/texlive/2026basic/texmf-dist/tex/generic/pgf/libraries/shapes/pgflibraryshapes.geometric.code.tex
File: pgflibraryshapes.geometric.code.tex 2025-08-29 v3.1.11a (3.1.11a)
)) (/usr/local/texlive/2026basic/texmf-dist/tex/generic/pgf/frontendlayer/tikz/libraries/tikzlibraryshapes.symbols.code.tex
File: tikzlibraryshapes.symbols.code.tex 2025-08-29 v3.1.11a (3.1.11a)
 (/usr/local/texlive/2026basic/texmf-dist/tex/generic/pgf/libraries/shapes/pgflibraryshapes.symbols.code.tex
File: pgflibraryshapes.symbols.code.tex 2025-08-29 v3.1.11a (3.1.11a)
)) (/usr/local/texlive/2026basic/texmf-dist/tex/generic/pgf/frontendlayer/tikz/libraries/tikzlibraryshapes.misc.code.tex
File: tikzlibraryshapes.misc.code.tex 2025-08-29 v3.1.11a (3.1.11a)
 (/usr/local/texlive/2026basic/texmf-dist/tex/generic/pgf/libraries/shapes/pgflibraryshapes.misc.code.tex
File: pgflibraryshapes.misc.code.tex 2025-08-29 v3.1.11a (3.1.11a)
)) (/usr/local/texlive/2026basic/texmf-dist/tex/generic/pgf/frontendlayer/tikz/libraries/tikzlibraryfit.code.tex
File: tikzlibraryfit.code.tex 2025-08-29 v3.1.11a (3.1.11a)
) (/usr/local/texlive/2026basic/texmf-dist/tex/generic/pgf/frontendlayer/tikz/libraries/tikzlibrarybackgrounds.code.tex
File: tikzlibrarybackgrounds.code.tex 2025-08-29 v3.1.11a (3.1.11a)
\pgf@layerbox@background=\box83
\pgf@layerboxsaved@background=\box84
) (/usr/local/texlive/2026basic/texmf-dist/tex/latex/mathtools/mathtools.sty
Package: mathtools 2024/10/04 v1.31 mathematical typesetting tools
 (/usr/local/texlive/2026basic/texmf-dist/tex/latex/tools/calc.sty
Package: calc 2025/03/01 v4.3b Infix arithmetic (KKT,FJ)
\calc@Acount=\count367
\calc@Bcount=\count368
\calc@Adimen=\dimen319
\calc@Bdimen=\dimen320
\calc@Askip=\skip67
\calc@Bskip=\skip68
LaTeX Info: Redefining \setlength on input line 86.
LaTeX Info: Redefining \addtolength on input line 87.
\calc@Ccount=\count369
\calc@Cskip=\skip69
) (/usr/local/texlive/2026basic/texmf-dist/tex/latex/mathtools/mhsetup.sty
Package: mhsetup 2021/03/18 v1.4 programming setup (MH)
)
\g_MT_multlinerow_int=\count370
\l_MT_multwidth_dim=\dimen321
\origjot=\skip70
\l_MT_shortvdotswithinadjustabove_dim=\dimen322
\l_MT_shortvdotswithinadjustbelow_dim=\dimen323
\l_MT_above_intertext_sep=\dimen324
\l_MT_below_intertext_sep=\dimen325
\l_MT_above_shortintertext_sep=\dimen326
\l_MT_below_shortintertext_sep=\dimen327
\xmathstrut@box=\box85
\xmathstrut@dim=\dimen328
) (/usr/local/texlive/2026basic/texmf-dist/tex/latex/algorithms/algorithm.sty
Package: algorithm 2009/08/24 v0.1 Document Style `algorithm' - floating environment
 (/usr/local/texlive/2026basic/texmf-dist/tex/latex/float/float.sty
Package: float 2001/11/08 v1.3d Float enhancements (AL)
\c@float@type=\count371
\float@exts=\toks48
\float@box=\box86
\@float@everytoks=\toks49
\@floatcapt=\box87
) (/usr/local/texlive/2026basic/texmf-dist/tex/latex/base/ifthen.sty
Package: ifthen 2024/03/16 v1.1e Standard LaTeX ifthen package (DPC)
)
\@float@every@algorithm=\toks50
\c@algorithm=\count372
) (/usr/local/texlive/2026basic/texmf-dist/tex/latex/algorithmicx/algpseudocode.sty
Package: algpseudocode 
 (/usr/local/texlive/2026basic/texmf-dist/tex/latex/algorithmicx/algorithmicx.sty
Package: algorithmicx 2005/04/27 v1.2 Algorithmicx

Document Style algorithmicx 1.2 - a greatly improved `algorithmic' style
\c@ALG@line=\count373
\c@ALG@rem=\count374
\c@ALG@nested=\count375
\ALG@tlm=\skip71
\ALG@thistlm=\skip72
\c@ALG@Lnr=\count376
\c@ALG@blocknr=\count377
\c@ALG@storecount=\count378
\c@ALG@tmpcounter=\count379
\ALG@tmplength=\skip73
)
Document Style - pseudocode environments for use with the `algorithmicx' style
) (/usr/local/texlive/2026basic/texmf-dist/tex/latex/booktabs/booktabs.sty
Package: booktabs 2020/01/12 v1.61803398 Publication quality tables
\heavyrulewidth=\dimen329
\lightrulewidth=\dimen330
\cmidrulewidth=\dimen331
\belowrulesep=\dimen332
\belowbottomsep=\dimen333
\aboverulesep=\dimen334
\abovetopsep=\dimen335
\cmidrulesep=\dimen336
\cmidrulekern=\dimen337
\defaultaddspace=\dimen338
\@cmidla=\count380
\@cmidlb=\count381
\@aboverulesep=\dimen339
\@belowrulesep=\dimen340
\@thisruleclass=\count382
\@lastruleclass=\count383
\@thisrulewidth=\dimen341
) (/usr/local/texlive/2026basic/texmf-dist/tex/latex/tools/tabularx.sty
Package: tabularx 2023/12/11 v2.12a `tabularx' package (DPC)
 (/usr/local/texlive/2026basic/texmf-dist/tex/latex/tools/array.sty
Package: array 2025/09/25 v2.6n Tabular extension package (FMi)
\col@sep=\dimen342
\ar@mcellbox=\box88
\extrarowheight=\dimen343
\NC@list=\toks51
\extratabsurround=\skip74
\backup@length=\skip75
\ar@cellbox=\box89
)
\TX@col@width=\dimen344
\TX@old@table=\dimen345
\TX@old@col=\dimen346
\TX@target=\dimen347
\TX@delta=\dimen348
\TX@cols=\count384
\TX@ftn=\toks52
) (/usr/local/texlive/2026basic/texmf-dist/tex/latex/adjustbox/adjustbox.sty
Package: adjustbox 2025/02/26 v1.3c Adjusting TeX boxes (trim, clip, ...)
 (/usr/local/texlive/2026basic/texmf-dist/tex/latex/xkeyval/xkeyval.sty
Package: xkeyval 2025/11/04 v2.10 package option processing (HA)
 (/usr/local/texlive/2026basic/texmf-dist/tex/generic/xkeyval/xkeyval.tex (/usr/local/texlive/2026basic/texmf-dist/tex/generic/xkeyval/xkvutils.tex
\XKV@toks=\toks53
\XKV@tempa@toks=\toks54
\XKV@tempb@toks=\toks55
)
\XKV@depth=\count385
File: xkeyval.tex 2014/12/03 v2.7a key=value parser (HA)
)) (/usr/local/texlive/2026basic/texmf-dist/tex/latex/adjustbox/adjcalc.sty
Package: adjcalc 2012/05/16 v1.1 Provides advanced setlength with multiple back-ends (calc, etex, pgfmath)
) (/usr/local/texlive/2026basic/texmf-dist/tex/latex/adjustbox/trimclip.sty
Package: trimclip 2025/02/21 v1.2a Trim and clip general TeX material
 (/usr/local/texlive/2026basic/texmf-dist/tex/latex/collectbox/collectbox.sty
Package: collectbox 2022/10/17 v0.4c Collect macro arguments as boxes
\collectedbox=\box90
)
\tc@llx=\dimen349
\tc@lly=\dimen350
\tc@urx=\dimen351
\tc@ury=\dimen352
Package trimclip Info: Using driver 'tc-pdftex.def'.
 (/usr/local/texlive/2026basic/texmf-dist/tex/latex/adjustbox/tc-pdftex.def
File: tc-pdftex.def 2025/02/26 v2.3 Clipping driver for pdftex
))
\adjbox@Width=\dimen353
\adjbox@Height=\dimen354
\adjbox@Depth=\dimen355
\adjbox@Totalheight=\dimen356
\adjbox@pwidth=\dimen357
\adjbox@pheight=\dimen358
\adjbox@pdepth=\dimen359
\adjbox@ptotalheight=\dimen360
)) (/usr/local/texlive/2026basic/texmf-dist/tex/latex/l3backend/l3backend-pdftex.def
File: l3backend-pdftex.def 2025-10-09 L3 backend support: PDF output (pdfTeX)
\l__color_backend_stack_int=\count386
) (./slides.aux)
\openout1 = `slides.aux'.

LaTeX Font Info:    Checking defaults for OML/cmm/m/it on input line 12.
LaTeX Font Info:    ... okay on input line 12.
LaTeX Font Info:    Checking defaults for OMS/cmsy/m/n on input line 12.
LaTeX Font Info:    ... okay on input line 12.
LaTeX Font Info:    Checking defaults for OT1/cmr/m/n on input line 12.
LaTeX Font Info:    ... okay on input line 12.
LaTeX Font Info:    Checking defaults for T1/cmr/m/n on input line 12.
LaTeX Font Info:    ... okay on input line 12.
LaTeX Font Info:    Checking defaults for TS1/cmr/m/n on input line 12.
LaTeX Font Info:    ... okay on input line 12.
LaTeX Font Info:    Checking defaults for OMX/cmex/m/n on input line 12.
LaTeX Font Info:    ... okay on input line 12.
LaTeX Font Info:    Checking defaults for U/cmr/m/n on input line 12.
LaTeX Font Info:    ... okay on input line 12.
LaTeX Font Info:    Checking defaults for PD1/pdf/m/n on input line 12.
LaTeX Font Info:    ... okay on input line 12.
LaTeX Font Info:    Checking defaults for PU/pdf/m/n on input line 12.
LaTeX Font Info:    ... okay on input line 12.

*geometry* driver: auto-detecting
*geometry* detected driver: pdftex
*geometry* verbose mode - [ preamble ] result:
* driver: pdftex
* paper: custom
* layout: <same size as paper>
* layoutoffset:(h,v)=(0.0pt,0.0pt)
* modes: includehead includefoot 
* h-part:(L,W,R)=(28.45274pt, 428.68665pt, 28.45274pt)
* v-part:(T,H,B)=(0.0pt, 273.14662pt, 0.0pt)
* \paperwidth=485.59213pt
* \paperheight=273.14662pt
* \textwidth=428.68665pt
* \textheight=244.6939pt
* \oddsidemargin=-43.81725pt
* \evensidemargin=-43.81725pt
* \topmargin=-72.26999pt
* \headheight=14.22636pt
* \headsep=0.0pt
* \topskip=10.0pt
* \footskip=14.22636pt
* \marginparwidth=3.0pt
* \marginparsep=11.0pt
* \columnsep=10.0pt
* \skip\footins=9.0pt plus 4.0pt minus 2.0pt
* \hoffset=0.0pt
* \voffset=0.0pt
* \mag=1000
* \@twocolumnfalse
* \@twosidefalse
* \@mparswitchfalse
* \@reversemarginfalse
* (1in=72.27pt=25.4mm, 1cm=28.453pt)

(/usr/local/texlive/2026basic/texmf-dist/tex/context/base/mkii/supp-pdf.mkii
[Loading MPS to PDF converter (version 2006.09.02).]
\scratchcounter=\count387
\scratchdimen=\dimen361
\scratchbox=\box91
\nofMPsegments=\count388
\nofMParguments=\count389
\everyMPshowfont=\toks56
\MPscratchCnt=\count390
\MPscratchDim=\dimen362
\MPnumerator=\count391
\makeMPintoPDFobject=\count392
\everyMPtoPDFconversion=\toks57
) (/usr/local/texlive/2026basic/texmf-dist/tex/latex/epstopdf-pkg/epstopdf-base.sty
Package: epstopdf-base 2020-01-24 v2.11 Base part for package epstopdf
Package epstopdf-base Info: Redefining graphics rule for `.eps' on input line 485.
 (/usr/local/texlive/2026basic/texmf-dist/tex/latex/latexconfig/epstopdf-sys.cfg
File: epstopdf-sys.cfg 2010/07/13 v1.3 Configuration of (r)epstopdf for TeX Live
))
Package hyperref Info: Link coloring OFF on input line 12.
 (./slides.out) (./slides.out)
\@outlinefile=\write5
\openout5 = `slides.out'.

 (/usr/local/texlive/2026basic/texmf-dist/tex/latex/translator/translator-basic-dictionary-English.dict
Dictionary: translator-basic-dictionary, Language: English 
) (/usr/local/texlive/2026basic/texmf-dist/tex/latex/translator/translator-bibliography-dictionary-English.dict
Dictionary: translator-bibliography-dictionary, Language: English 
) (/usr/local/texlive/2026basic/texmf-dist/tex/latex/translator/translator-environment-dictionary-English.dict
Dictionary: translator-environment-dictionary, Language: English 
) (/usr/local/texlive/2026basic/texmf-dist/tex/latex/translator/translator-months-dictionary-English.dict
Dictionary: translator-months-dictionary, Language: English 
) (/usr/local/texlive/2026basic/texmf-dist/tex/latex/translator/translator-numbers-dictionary-English.dict
Dictionary: translator-numbers-dictionary, Language: English 
) (/usr/local/texlive/2026basic/texmf-dist/tex/latex/translator/translator-theorem-dictionary-English.dict
Dictionary: translator-theorem-dictionary, Language: English 
) (./slides.nav)
<media/ufr_logo.pdf, id=45, 1002.74625pt x 112.42pt>
File: media/ufr_logo.pdf Graphic file (type pdf)
<use media/ufr_logo.pdf>
Package pdftex.def Info: media/ufr_logo.pdf  used on input line 12.
(pdftex.def)             Requested size: 69.37317pt x 7.77774pt.
File: media/ufr_logo.pdf Graphic file (type pdf)
<use media/ufr_logo.pdf>
Package pdftex.def Info: media/ufr_logo.pdf  used on input line 15.
(pdftex.def)             Requested size: 69.37317pt x 7.77774pt.
<media/title_bg.pdf, id=46, 963.6095pt x 542.025pt>
File: media/title_bg.pdf Graphic file (type pdf)
<use media/title_bg.pdf>
Package pdftex.def Info: media/title_bg.pdf  used on input line 15.
(pdftex.def)             Requested size: 485.59213pt x 273.14565pt.
 [1

{/usr/local/texlive/2026basic/texmf-var/fonts/map/pdftex/updmap/pdftex.map} <./media/title_bg.pdf>] (./agent_modeling.tex
File: media/ufr_logo.pdf Graphic file (type pdf)
<use media/ufr_logo.pdf>
Package pdftex.def Info: media/ufr_logo.pdf  used on input line 1.
(pdftex.def)             Requested size: 69.37317pt x 7.77774pt.
 (./slides.toc)
<media/ufr_stamp.pdf, id=66, 284.52296pt x 284.52296pt>
File: media/ufr_stamp.pdf Graphic file (type pdf)
<use media/ufr_stamp.pdf>
Package pdftex.def Info: media/ufr_stamp.pdf  used on input line 1.
(pdftex.def)             Requested size: 284.09244pt x 284.07065pt.
File: media/ufr_logo.pdf Graphic file (type pdf)
<use media/ufr_logo.pdf>
Package pdftex.def Info: media/ufr_logo.pdf  used on input line 1.
(pdftex.def)             Requested size: 69.37317pt x 7.77774pt.
 [2

 <./media/ufr_stamp.pdf> <./media/ufr_logo.pdf>]
File: media/ufr_logo.pdf Graphic file (type pdf)
<use media/ufr_logo.pdf>
Package pdftex.def Info: media/ufr_logo.pdf  used on input line 72.
(pdftex.def)             Requested size: 69.37317pt x 7.77774pt.
LaTeX Font Info:    Trying to load font information for U+msa on input line 72.
 (/usr/local/texlive/2026basic/texmf-dist/tex/latex/amsfonts/umsa.fd
File: umsa.fd 2013/01/14 v3.01 AMS symbols A
)
LaTeX Font Info:    Trying to load font information for U+msb on input line 72.
 (/usr/local/texlive/2026basic/texmf-dist/tex/latex/amsfonts/umsb.fd
File: umsb.fd 2013/01/14 v3.01 AMS symbols B
)
File: media/ufr_logo.pdf Graphic file (type pdf)
<use media/ufr_logo.pdf>
Package pdftex.def Info: media/ufr_logo.pdf  used on input line 72.
(pdftex.def)             Requested size: 69.37317pt x 7.77774pt.
 [3

]
File: media/ufr_logo.pdf Graphic file (type pdf)
<use media/ufr_logo.pdf>
Package pdftex.def Info: media/ufr_logo.pdf  used on input line 106.
(pdftex.def)             Requested size: 69.37317pt x 7.77774pt.


LaTeX Font Warning: Font shape `OT1/cmss/m/n' in size <15> not available
(Font)              size <14.4> substituted on input line 106.

LaTeX Font Info:    Calculating math sizes for size <15> on input line 106.

LaTeX Font Warning: Font shape `OT1/cmr/m/n' in size <15> not available
(Font)              size <14.4> substituted on input line 106.


LaTeX Font Warning: Font shape `OT1/cmr/m/n' in size <10.49995> not available
(Font)              size <10.95> substituted on input line 106.


LaTeX Font Warning: Font shape `OT1/cmr/m/n' in size <7.5> not available
(Font)              size <7> substituted on input line 106.


LaTeX Font Warning: Font shape `OML/cmm/m/it' in size <15> not available
(Font)              size <14.4> substituted on input line 106.


LaTeX Font Warning: Font shape `OML/cmm/m/it' in size <10.49995> not available
(Font)              size <10.95> substituted on input line 106.


LaTeX Font Warning: Font shape `OML/cmm/m/it' in size <7.5> not available
(Font)              size <7> substituted on input line 106.


LaTeX Font Warning: Font shape `OMS/cmsy/m/n' in size <15> not available
(Font)              size <14.4> substituted on input line 106.


LaTeX Font Warning: Font shape `OMS/cmsy/m/n' in size <10.49995> not available
(Font)              size <10.95> substituted on input line 106.


LaTeX Font Warning: Font shape `OMS/cmsy/m/n' in size <7.5> not available
(Font)              size <7> substituted on input line 106.


LaTeX Font Warning: Font shape `OT1/cmss/m/n' in size <10.49995> not available
(Font)              size <10.95> substituted on input line 106.


LaTeX Font Warning: Font shape `OT1/cmss/m/n' in size <7.5> not available
(Font)              size <7> substituted on input line 106.

File: media/ufr_logo.pdf Graphic file (type pdf)
<use media/ufr_logo.pdf>
Package pdftex.def Info: media/ufr_logo.pdf  used on input line 106.
(pdftex.def)             Requested size: 69.37317pt x 7.77774pt.
[4

]
File: media/ufr_logo.pdf Graphic file (type pdf)
<use media/ufr_logo.pdf>
Package pdftex.def Info: media/ufr_logo.pdf  used on input line 202.
(pdftex.def)             Requested size: 69.37317pt x 7.77774pt.
File: media/ufr_logo.pdf Graphic file (type pdf)
<use media/ufr_logo.pdf>
Package pdftex.def Info: media/ufr_logo.pdf  used on input line 202.
(pdftex.def)             Requested size: 69.37317pt x 7.77774pt.
 [5

]
File: media/ufr_logo.pdf Graphic file (type pdf)
<use media/ufr_logo.pdf>
Package pdftex.def Info: media/ufr_logo.pdf  used on input line 322.
(pdftex.def)             Requested size: 69.37317pt x 7.77774pt.
<media/deep_jalam_training.png, id=114, 568.1225pt x 664.4825pt>
File: media/deep_jalam_training.png Graphic file (type png)
<use media/deep_jalam_training.png>
Package pdftex.def Info: media/deep_jalam_training.png  used on input line 322.
(pdftex.def)             Requested size: 159.90541pt x 180.38603pt.
File: media/ufr_logo.pdf Graphic file (type pdf)
<use media/ufr_logo.pdf>
Package pdftex.def Info: media/ufr_logo.pdf  used on input line 322.
(pdftex.def)             Requested size: 69.37317pt x 7.77774pt.
 [6

 <./media/deep_jalam_training.png>]
File: media/ufr_logo.pdf Graphic file (type pdf)
<use media/ufr_logo.pdf>
Package pdftex.def Info: media/ufr_logo.pdf  used on input line 443.
(pdftex.def)             Requested size: 69.37317pt x 7.77774pt.
File: media/deep_jalam_training.png Graphic file (type png)
<use media/deep_jalam_training.png>
Package pdftex.def Info: media/deep_jalam_training.png  used on input line 443.
(pdftex.def)             Requested size: 159.90541pt x 180.38603pt.
File: media/ufr_logo.pdf Graphic file (type pdf)
<use media/ufr_logo.pdf>
Package pdftex.def Info: media/ufr_logo.pdf  used on input line 443.
(pdftex.def)             Requested size: 69.37317pt x 7.77774pt.
 [7

{/usr/local/texlive/2026basic/texmf-dist/fonts/enc/dvips/cm-super/cm-super-ts1.enc}]
File: media/ufr_logo.pdf Graphic file (type pdf)
<use media/ufr_logo.pdf>
Package pdftex.def Info: media/ufr_logo.pdf  used on input line 559.
(pdftex.def)             Requested size: 69.37317pt x 7.77774pt.
<media/Sampled vs. exact.png, id=145, 353.32pt x 268.00125pt>
File: media/Sampled vs. exact.png Graphic file (type png)
<use media/Sampled vs. exact.png>
Package pdftex.def Info: media/Sampled vs. exact.png  used on input line 559.
(pdftex.def)             Requested size: 136.83792pt x 87.46875pt.
File: media/ufr_logo.pdf Graphic file (type pdf)
<use media/ufr_logo.pdf>
Package pdftex.def Info: media/ufr_logo.pdf  used on input line 559.
(pdftex.def)             Requested size: 69.37317pt x 7.77774pt.
 [8

 <./media/Sampled vs. exact.png>]
File: media/ufr_logo.pdf Graphic file (type pdf)
<use media/ufr_logo.pdf>
Package pdftex.def Info: media/ufr_logo.pdf  used on input line 725.
(pdftex.def)             Requested size: 69.37317pt x 7.77774pt.
File: media/ufr_logo.pdf Graphic file (type pdf)
<use media/ufr_logo.pdf>
Package pdftex.def Info: media/ufr_logo.pdf  used on input line 725.
(pdftex.def)             Requested size: 69.37317pt x 7.77774pt.
 [9

]
File: media/ufr_logo.pdf Graphic file (type pdf)
<use media/ufr_logo.pdf>
Package pdftex.def Info: media/ufr_logo.pdf  used on input line 888.
(pdftex.def)             Requested size: 69.37317pt x 7.77774pt.
File: media/ufr_logo.pdf Graphic file (type pdf)
<use media/ufr_logo.pdf>
Package pdftex.def Info: media/ufr_logo.pdf  used on input line 888.
(pdftex.def)             Requested size: 69.37317pt x 7.77774pt.
 [10

]
File: media/ufr_logo.pdf Graphic file (type pdf)
<use media/ufr_logo.pdf>
Package pdftex.def Info: media/ufr_logo.pdf  used on input line 888.
(pdftex.def)             Requested size: 69.37317pt x 7.77774pt.
 [11

]
File: media/ufr_logo.pdf Graphic file (type pdf)
<use media/ufr_logo.pdf>
Package pdftex.def Info: media/ufr_logo.pdf  used on input line 982.
(pdftex.def)             Requested size: 69.37317pt x 7.77774pt.
<media/A2C+AM.png, id=182, 363.3575pt x 269.005pt>
File: media/A2C+AM.png Graphic file (type png)
<use media/A2C+AM.png>
Package pdftex.def Info: media/A2C+AM.png  used on input line 982.
(pdftex.def)             Requested size: 129.13419pt x 95.6021pt.
File: media/ufr_logo.pdf Graphic file (type pdf)
<use media/ufr_logo.pdf>
Package pdftex.def Info: media/ufr_logo.pdf  used on input line 982.
(pdftex.def)             Requested size: 69.37317pt x 7.77774pt.
 [12

 <./media/A2C+AM.png>]
File: media/ufr_logo.pdf Graphic file (type pdf)
<use media/ufr_logo.pdf>
Package pdftex.def Info: media/ufr_logo.pdf  used on input line 1092.
(pdftex.def)             Requested size: 69.37317pt x 7.77774pt.
File: media/ufr_logo.pdf Graphic file (type pdf)
<use media/ufr_logo.pdf>
Package pdftex.def Info: media/ufr_logo.pdf  used on input line 1092.
(pdftex.def)             Requested size: 69.37317pt x 7.77774pt.
 [13

]
File: media/ufr_logo.pdf Graphic file (type pdf)
<use media/ufr_logo.pdf>
Package pdftex.def Info: media/ufr_logo.pdf  used on input line 1182.
(pdftex.def)             Requested size: 69.37317pt x 7.77774pt.
File: media/ufr_logo.pdf Graphic file (type pdf)
<use media/ufr_logo.pdf>
Package pdftex.def Info: media/ufr_logo.pdf  used on input line 1182.
(pdftex.def)             Requested size: 69.37317pt x 7.77774pt.
 [14

]) (./homogeneous.tex
File: media/ufr_logo.pdf Graphic file (type pdf)
<use media/ufr_logo.pdf>
Package pdftex.def Info: media/ufr_logo.pdf  used on input line 1.
(pdftex.def)             Requested size: 69.37317pt x 7.77774pt.
 (./slides.toc)
File: media/ufr_stamp.pdf Graphic file (type pdf)
<use media/ufr_stamp.pdf>
Package pdftex.def Info: media/ufr_stamp.pdf  used on input line 1.
(pdftex.def)             Requested size: 284.09244pt x 284.07065pt.
File: media/ufr_logo.pdf Graphic file (type pdf)
<use media/ufr_logo.pdf>
Package pdftex.def Info: media/ufr_logo.pdf  used on input line 1.
(pdftex.def)             Requested size: 69.37317pt x 7.77774pt.
 [15

]
File: media/ufr_logo.pdf Graphic file (type pdf)
<use media/ufr_logo.pdf>
Package pdftex.def Info: media/ufr_logo.pdf  used on input line 155.
(pdftex.def)             Requested size: 69.37317pt x 7.77774pt.
File: media/ufr_logo.pdf Graphic file (type pdf)
<use media/ufr_logo.pdf>
Package pdftex.def Info: media/ufr_logo.pdf  used on input line 155.
(pdftex.def)             Requested size: 69.37317pt x 7.77774pt.
 [16

]
File: media/ufr_logo.pdf Graphic file (type pdf)
<use media/ufr_logo.pdf>
Package pdftex.def Info: media/ufr_logo.pdf  used on input line 186.
(pdftex.def)             Requested size: 69.37317pt x 7.77774pt.
<media/starcraft.png, id=230, 1264.725pt x 846.16125pt>
File: media/starcraft.png Graphic file (type png)
<use media/starcraft.png>
Package pdftex.def Info: media/starcraft.png  used on input line 186.
(pdftex.def)             Requested size: 204.09697pt x 136.55058pt.
<media/robocup_simulation_helios.png, id=231, 853.1875pt x 598.235pt>
File: media/robocup_simulation_helios.png Graphic file (type png)
<use media/robocup_simulation_helios.png>
Package pdftex.def Info: media/robocup_simulation_helios.png  used on input line 186.
(pdftex.def)             Requested size: 194.75789pt x 136.55965pt.
File: media/ufr_logo.pdf Graphic file (type pdf)
<use media/ufr_logo.pdf>
Package pdftex.def Info: media/ufr_logo.pdf  used on input line 186.
(pdftex.def)             Requested size: 69.37317pt x 7.77774pt.
 [17

 <./media/starcraft.png> <./media/robocup_simulation_helios.png>]
File: media/ufr_logo.pdf Graphic file (type pdf)
<use media/ufr_logo.pdf>
Package pdftex.def Info: media/ufr_logo.pdf  used on input line 252.
(pdftex.def)             Requested size: 69.37317pt x 7.77774pt.
File: media/ufr_logo.pdf Graphic file (type pdf)
<use media/ufr_logo.pdf>
Package pdftex.def Info: media/ufr_logo.pdf  used on input line 252.
(pdftex.def)             Requested size: 69.37317pt x 7.77774pt.
 [18

]
File: media/ufr_logo.pdf Graphic file (type pdf)
<use media/ufr_logo.pdf>
Package pdftex.def Info: media/ufr_logo.pdf  used on input line 309.
(pdftex.def)             Requested size: 69.37317pt x 7.77774pt.
File: media/ufr_logo.pdf Graphic file (type pdf)
<use media/ufr_logo.pdf>
Package pdftex.def Info: media/ufr_logo.pdf  used on input line 309.
(pdftex.def)             Requested size: 69.37317pt x 7.77774pt.
 [19

]
File: media/ufr_logo.pdf Graphic file (type pdf)
<use media/ufr_logo.pdf>
Package pdftex.def Info: media/ufr_logo.pdf  used on input line 422.
(pdftex.def)             Requested size: 69.37317pt x 7.77774pt.
File: media/ufr_logo.pdf Graphic file (type pdf)
<use media/ufr_logo.pdf>
Package pdftex.def Info: media/ufr_logo.pdf  used on input line 422.
(pdftex.def)             Requested size: 69.37317pt x 7.77774pt.
 [20

]
File: media/ufr_logo.pdf Graphic file (type pdf)
<use media/ufr_logo.pdf>
Package pdftex.def Info: media/ufr_logo.pdf  used on input line 513.
(pdftex.def)             Requested size: 69.37317pt x 7.77774pt.

Overfull \vbox (1.06758pt too high) detected at line 513
 []

File: media/ufr_logo.pdf Graphic file (type pdf)
<use media/ufr_logo.pdf>
Package pdftex.def Info: media/ufr_logo.pdf  used on input line 513.
(pdftex.def)             Requested size: 69.37317pt x 7.77774pt.
[21

]
File: media/ufr_logo.pdf Graphic file (type pdf)
<use media/ufr_logo.pdf>
Package pdftex.def Info: media/ufr_logo.pdf  used on input line 533.
(pdftex.def)             Requested size: 69.37317pt x 7.77774pt.
<media/lbf_param_share.png, id=269, 763.85374pt x 506.89375pt>
File: media/lbf_param_share.png Graphic file (type png)
<use media/lbf_param_share.png>
Package pdftex.def Info: media/lbf_param_share.png  used on input line 533.
(pdftex.def)             Requested size: 231.96684pt x 153.93332pt.
File: media/ufr_logo.pdf Graphic file (type pdf)
<use media/ufr_logo.pdf>
Package pdftex.def Info: media/ufr_logo.pdf  used on input line 533.
(pdftex.def)             Requested size: 69.37317pt x 7.77774pt.
 [22

 <./media/lbf_param_share.png>]
File: media/ufr_logo.pdf Graphic file (type pdf)
<use media/ufr_logo.pdf>
Package pdftex.def Info: media/ufr_logo.pdf  used on input line 577.
(pdftex.def)             Requested size: 69.37317pt x 7.77774pt.
File: media/ufr_logo.pdf Graphic file (type pdf)
<use media/ufr_logo.pdf>
Package pdftex.def Info: media/ufr_logo.pdf  used on input line 577.
(pdftex.def)             Requested size: 69.37317pt x 7.77774pt.
 [23

]
File: media/ufr_logo.pdf Graphic file (type pdf)
<use media/ufr_logo.pdf>
Package pdftex.def Info: media/ufr_logo.pdf  used on input line 590.
(pdftex.def)             Requested size: 69.37317pt x 7.77774pt.
File: media/ufr_logo.pdf Graphic file (type pdf)
<use media/ufr_logo.pdf>
Package pdftex.def Info: media/ufr_logo.pdf  used on input line 590.
(pdftex.def)             Requested size: 69.37317pt x 7.77774pt.
 [24

]
File: media/ufr_logo.pdf Graphic file (type pdf)
<use media/ufr_logo.pdf>
Package pdftex.def Info: media/ufr_logo.pdf  used on input line 689.
(pdftex.def)             Requested size: 69.37317pt x 7.77774pt.
File: media/ufr_logo.pdf Graphic file (type pdf)
<use media/ufr_logo.pdf>
Package pdftex.def Info: media/ufr_logo.pdf  used on input line 689.
(pdftex.def)             Requested size: 69.37317pt x 7.77774pt.
 [25

]
File: media/ufr_logo.pdf Graphic file (type pdf)
<use media/ufr_logo.pdf>
Package pdftex.def Info: media/ufr_logo.pdf  used on input line 715.
(pdftex.def)             Requested size: 69.37317pt x 7.77774pt.
File: media/ufr_logo.pdf Graphic file (type pdf)
<use media/ufr_logo.pdf>
Package pdftex.def Info: media/ufr_logo.pdf  used on input line 715.
(pdftex.def)             Requested size: 69.37317pt x 7.77774pt.
 [26

]
File: media/ufr_logo.pdf Graphic file (type pdf)
<use media/ufr_logo.pdf>
Package pdftex.def Info: media/ufr_logo.pdf  used on input line 757.
(pdftex.def)             Requested size: 69.37317pt x 7.77774pt.
File: media/ufr_logo.pdf Graphic file (type pdf)
<use media/ufr_logo.pdf>
Package pdftex.def Info: media/ufr_logo.pdf  used on input line 757.
(pdftex.def)             Requested size: 69.37317pt x 7.77774pt.
 [27

]
File: media/ufr_logo.pdf Graphic file (type pdf)
<use media/ufr_logo.pdf>
Package pdftex.def Info: media/ufr_logo.pdf  used on input line 834.
(pdftex.def)             Requested size: 69.37317pt x 7.77774pt.
File: media/ufr_logo.pdf Graphic file (type pdf)
<use media/ufr_logo.pdf>
Package pdftex.def Info: media/ufr_logo.pdf  used on input line 834.
(pdftex.def)             Requested size: 69.37317pt x 7.77774pt.
 [28

]) (./summary.tex
File: media/ufr_logo.pdf Graphic file (type pdf)
<use media/ufr_logo.pdf>
Package pdftex.def Info: media/ufr_logo.pdf  used on input line 1.
(pdftex.def)             Requested size: 69.37317pt x 7.77774pt.
 (./slides.toc)
File: media/ufr_stamp.pdf Graphic file (type pdf)
<use media/ufr_stamp.pdf>
Package pdftex.def Info: media/ufr_stamp.pdf  used on input line 1.
(pdftex.def)             Requested size: 284.09244pt x 284.07065pt.
File: media/ufr_logo.pdf Graphic file (type pdf)
<use media/ufr_logo.pdf>
Package pdftex.def Info: media/ufr_logo.pdf  used on input line 1.
(pdftex.def)             Requested size: 69.37317pt x 7.77774pt.
 [29

]
File: media/ufr_logo.pdf Graphic file (type pdf)
<use media/ufr_logo.pdf>
Package pdftex.def Info: media/ufr_logo.pdf  used on input line 49.
(pdftex.def)             Requested size: 69.37317pt x 7.77774pt.
File: media/ufr_logo.pdf Graphic file (type pdf)
<use media/ufr_logo.pdf>
Package pdftex.def Info: media/ufr_logo.pdf  used on input line 49.
(pdftex.def)             Requested size: 69.37317pt x 7.77774pt.
 [30

]
File: media/ufr_logo.pdf Graphic file (type pdf)
<use media/ufr_logo.pdf>
Package pdftex.def Info: media/ufr_logo.pdf  used on input line 93.
(pdftex.def)             Requested size: 69.37317pt x 7.77774pt.
File: media/ufr_logo.pdf Graphic file (type pdf)
<use media/ufr_logo.pdf>
Package pdftex.def Info: media/ufr_logo.pdf  used on input line 93.
(pdftex.def)             Requested size: 69.37317pt x 7.77774pt.
 [31

]
File: media/ufr_logo.pdf Graphic file (type pdf)
<use media/ufr_logo.pdf>
Package pdftex.def Info: media/ufr_logo.pdf  used on input line 170.
(pdftex.def)             Requested size: 69.37317pt x 7.77774pt.
File: media/ufr_logo.pdf Graphic file (type pdf)
<use media/ufr_logo.pdf>
Package pdftex.def Info: media/ufr_logo.pdf  used on input line 170.
(pdftex.def)             Requested size: 69.37317pt x 7.77774pt.
 [32

])
File: media/ufr_logo.pdf Graphic file (type pdf)
<use media/ufr_logo.pdf>
Package pdftex.def Info: media/ufr_logo.pdf  used on input line 25.
(pdftex.def)             Requested size: 69.37317pt x 7.77774pt.
 (./slides.bbl) [33

]
\tf@nav=\write6
\openout6 = `slides.nav'.

\tf@toc=\write7
\openout7 = `slides.toc'.

\tf@snm=\write8
\openout8 = `slides.snm'.

 (./slides.aux)
 ***********
LaTeX2e <2025-11-01>
L3 programming layer <2026-01-19>
 ***********


LaTeX Font Warning: Size substitutions with differences
(Font)              up to 1.25pt have occurred.

Package rerunfilecheck Info: File `slides.out' has not changed.
(rerunfilecheck)             Checksum: F073010E3BBBF27A3EE22C5D2831F6F2;1331.
 ) 
Here is how much of TeX's memory you used:
 30588 strings out of 469006
 609662 string characters out of 5454813
 1074610 words of memory out of 5000000
 58602 multiletter control sequences out of 15000+600000
 653291 words of font info for 136 fonts, out of 8000000 for 9000
 319 hyphenation exceptions out of 8191
 101i,17n,107p,445b,1420s stack positions out of 10000i,1000n,20000p,200000b,200000s
</usr/local/texlive/2026basic/texmf-dist/fonts/type1/public/amsfonts/cm/cmbx9.pfb></usr/local/texlive/2026basic/texmf-dist/fonts/type1/public/amsfonts/cm/cmex10.pfb></usr/local/texlive/2026basic/texmf-dist/fonts/type1/public/amsfonts/cmextra/cmex9.pfb></usr/local/texlive/2026basic/texmf-dist/fonts/type1/public/amsfonts/cm/cmmi10.pfb></usr/local/texlive/2026basic/texmf-dist/fonts/type1/public/amsfonts/cm/cmmi12.pfb></usr/local/texlive/2026basic/texmf-dist/fonts/type1/public/amsfonts/cm/cmmi5.pfb></usr/local/texlive/2026basic/texmf-dist/fonts/type1/public/amsfonts/cm/cmmi6.pfb></usr/local/texlive/2026basic/texmf-dist/fonts/type1/public/amsfonts/cm/cmmi7.pfb></usr/local/texlive/2026basic/texmf-dist/fonts/type1/public/amsfonts/cm/cmmi8.pfb></usr/local/texlive/2026basic/texmf-dist/fonts/type1/public/amsfonts/cm/cmmi9.pfb></usr/local/texlive/2026basic/texmf-dist/fonts/type1/public/amsfonts/cm/cmr10.pfb></usr/local/texlive/2026basic/texmf-dist/fonts/type1/public/amsfonts/cm/cmr12.pfb></usr/local/texlive/2026basic/texmf-dist/fonts/type1/public/amsfonts/cm/cmr5.pfb></usr/local/texlive/2026basic/texmf-dist/fonts/type1/public/amsfonts/cm/cmr6.pfb></usr/local/texlive/2026basic/texmf-dist/fonts/type1/public/amsfonts/cm/cmr7.pfb></usr/local/texlive/2026basic/texmf-dist/fonts/type1/public/amsfonts/cm/cmr8.pfb></usr/local/texlive/2026basic/texmf-dist/fonts/type1/public/amsfonts/cm/cmr9.pfb></usr/local/texlive/2026basic/texmf-dist/fonts/type1/public/amsfonts/cm/cmss10.pfb></usr/local/texlive/2026basic/texmf-dist/fonts/type1/public/amsfonts/cm/cmss12.pfb></usr/local/texlive/2026basic/texmf-dist/fonts/type1/public/amsfonts/cm/cmss8.pfb></usr/local/texlive/2026basic/texmf-dist/fonts/type1/public/amsfonts/cm/cmss9.pfb></usr/local/texlive/2026basic/texmf-dist/fonts/type1/public/amsfonts/cm/cmssbx10.pfb></usr/local/texlive/2026basic/texmf-dist/fonts/type1/public/amsfonts/cm/cmssi10.pfb></usr/local/texlive/2026basic/texmf-dist/fonts/type1/public/amsfonts/cm/cmssi8.pfb></usr/local/texlive/2026basic/texmf-dist/fonts/type1/public/amsfonts/cm/cmssi9.pfb></usr/local/texlive/2026basic/texmf-dist/fonts/type1/public/amsfonts/cm/cmsy10.pfb></usr/local/texlive/2026basic/texmf-dist/fonts/type1/public/amsfonts/cm/cmsy5.pfb></usr/local/texlive/2026basic/texmf-dist/fonts/type1/public/amsfonts/cm/cmsy6.pfb></usr/local/texlive/2026basic/texmf-dist/fonts/type1/public/amsfonts/cm/cmsy7.pfb></usr/local/texlive/2026basic/texmf-dist/fonts/type1/public/amsfonts/cm/cmsy8.pfb></usr/local/texlive/2026basic/texmf-dist/fonts/type1/public/amsfonts/cm/cmsy9.pfb></usr/local/texlive/2026basic/texmf-dist/fonts/type1/public/amsfonts/cm/cmtt8.pfb></usr/local/texlive/2026basic/texmf-dist/fonts/type1/public/amsfonts/symbols/msam10.pfb></usr/local/texlive/2026basic/texmf-dist/fonts/type1/public/amsfonts/symbols/msbm10.pfb></usr/local/texlive/2026basic/texmf-dist/fonts/type1/public/cm-super/sfss0700.pfb></usr/local/texlive/2026basic/texmf-dist/fonts/type1/public/cm-super/sfss0800.pfb></usr/local/texlive/2026basic/texmf-dist/fonts/type1/public/cm-super/sfss0900.pfb></usr/local/texlive/2026basic/texmf-dist/fonts/type1/public/cm-super/sfss1000.pfb>
Output written on slides.pdf (33 pages, 3145623 bytes).
PDF statistics:
 545 PDF objects out of 1000 (max. 8388607)
 373 compressed objects within 4 object streams
 78 named destinations out of 1000 (max. 500000)
 164 words of extra memory for PDF output out of 10000 (max. 10000000)

